
   WARN  Metadata found in doc-comment for method Tests\Unit\SpdAuthorizationTest::employee_can_only_submit_own_spd(). Metadata in doc-comments is deprecated and will no longer be supported in PHPUnit 12. Update your test code to use attributes instead.

   WARN  Metadata found in doc-comment for method Tests\Unit\SpdAuthorizationTest::approver_can_approve_assigned_spd(). Metadata in doc-comments is deprecated and will no longer be supported in PHPUnit 12. Update your test code to use attributes instead.

   WARN  Metadata found in doc-comment for method Tests\Unit\SpdAuthorizationTest::non_approver_cannot_approve_spd(). Metadata in doc-comments is deprecated and will no longer be supported in PHPUnit 12. Update your test code to use attributes instead.

   WARN  Metadata found in doc-comment for method Tests\Unit\SpdAuthorizationTest::admin_can_approve_any_spd(). Metadata in doc-comments is deprecated and will no longer be supported in PHPUnit 12. Update your test code to use attributes instead.

   FAIL  Tests\Unit\SpdAuthorizationTest
  Γ¿» employee can only submit own spd
  Γ¿» approver can approve assigned spd
  Γ¿» non approver cannot approve spd
  Γ¿» admin can approve any spd
  ΓöÇΓöÇΓöÇΓöÇΓöÇΓöÇΓöÇΓöÇΓöÇΓöÇΓöÇΓöÇΓöÇΓöÇΓöÇΓöÇΓöÇΓöÇΓöÇΓöÇΓöÇΓöÇΓöÇΓöÇΓöÇΓöÇΓöÇΓöÇΓöÇΓöÇΓöÇΓöÇΓöÇΓöÇΓöÇΓöÇΓöÇΓöÇΓöÇΓöÇΓöÇΓöÇΓöÇΓöÇΓöÇΓöÇΓöÇΓöÇΓöÇΓöÇΓöÇΓöÇΓöÇΓöÇΓöÇΓöÇΓöÇΓöÇΓöÇΓöÇΓöÇΓöÇΓöÇΓöÇΓöÇΓöÇΓöÇΓöÇΓöÇΓöÇΓöÇΓöÇΓöÇΓöÇΓöÇΓöÇ  
   FAILED  Tests\Unit\SpdAuthorizationTest > employee can only submitΓÇª  Error   
  Class "Database\Factories\BudgetFactory" not found

  at vendor\laravel\framework\src\Illuminate\Database\Eloquent\Factories\Factory.php:950
    946Γûò     public static function factoryForModel(string $modelName)
    947Γûò     {
    948Γûò         $factory = static::resolveFactoryName($modelName);
    949Γûò 
  Γ₧£ 950Γûò         return $factory::new();
    951Γûò     }
    952Γûò 
    953Γûò     /**
    954Γûò      * Specify the callback that should be invoked to guess factory names based on dynamic relationship names.

  1   vendor\laravel\framework\src\Illuminate\Database\Eloquent\Factories\Factory.php:950
  2   vendor\laravel\framework\src\Illuminate\Database\Eloquent\Factories\HasFactory.php:21

  ΓöÇΓöÇΓöÇΓöÇΓöÇΓöÇΓöÇΓöÇΓöÇΓöÇΓöÇΓöÇΓöÇΓöÇΓöÇΓöÇΓöÇΓöÇΓöÇΓöÇΓöÇΓöÇΓöÇΓöÇΓöÇΓöÇΓöÇΓöÇΓöÇΓöÇΓöÇΓöÇΓöÇΓöÇΓöÇΓöÇΓöÇΓöÇΓöÇΓöÇΓöÇΓöÇΓöÇΓöÇΓöÇΓöÇΓöÇΓöÇΓöÇΓöÇΓöÇΓöÇΓöÇΓöÇΓöÇΓöÇΓöÇΓöÇΓöÇΓöÇΓöÇΓöÇΓöÇΓöÇΓöÇΓöÇΓöÇΓöÇΓöÇΓöÇΓöÇΓöÇΓöÇΓöÇΓöÇΓöÇ  
   FAILED  Tests\Unit\SpdAuthorizationTest > approver can approve assΓÇª  Error   
  Class "Database\Factories\BudgetFactory" not found

  at vendor\laravel\framework\src\Illuminate\Database\Eloquent\Factories\Factory.php:950
    946Γûò     public static function factoryForModel(string $modelName)
    947Γûò     {
    948Γûò         $factory = static::resolveFactoryName($modelName);
    949Γûò 
  Γ₧£ 950Γûò         return $factory::new();
    951Γûò     }
    952Γûò 
    953Γûò     /**
    954Γûò      * Specify the callback that should be invoked to guess factory names based on dynamic relationship names.

  1   vendor\laravel\framework\src\Illuminate\Database\Eloquent\Factories\Factory.php:950
  2   vendor\laravel\framework\src\Illuminate\Database\Eloquent\Factories\HasFactory.php:21

  ΓöÇΓöÇΓöÇΓöÇΓöÇΓöÇΓöÇΓöÇΓöÇΓöÇΓöÇΓöÇΓöÇΓöÇΓöÇΓöÇΓöÇΓöÇΓöÇΓöÇΓöÇΓöÇΓöÇΓöÇΓöÇΓöÇΓöÇΓöÇΓöÇΓöÇΓöÇΓöÇΓöÇΓöÇΓöÇΓöÇΓöÇΓöÇΓöÇΓöÇΓöÇΓöÇΓöÇΓöÇΓöÇΓöÇΓöÇΓöÇΓöÇΓöÇΓöÇΓöÇΓöÇΓöÇΓöÇΓöÇΓöÇΓöÇΓöÇΓöÇΓöÇΓöÇΓöÇΓöÇΓöÇΓöÇΓöÇΓöÇΓöÇΓöÇΓöÇΓöÇΓöÇΓöÇΓöÇΓöÇ  
   FAILED  Tests\Unit\SpdAuthorizationTest > non approver cannot apprΓÇª  Error   
  Class "Database\Factories\BudgetFactory" not found

  at vendor\laravel\framework\src\Illuminate\Database\Eloquent\Factories\Factory.php:950
    946Γûò     public static function factoryForModel(string $modelName)
    947Γûò     {
    948Γûò         $factory = static::resolveFactoryName($modelName);
    949Γûò 
  Γ₧£ 950Γûò         return $factory::new();
    951Γûò     }
    952Γûò 
    953Γûò     /**
    954Γûò      * Specify the callback that should be invoked to guess factory names based on dynamic relationship names.

  1   vendor\laravel\framework\src\Illuminate\Database\Eloquent\Factories\Factory.php:950
  2   vendor\laravel\framework\src\Illuminate\Database\Eloquent\Factories\HasFactory.php:21

  ΓöÇΓöÇΓöÇΓöÇΓöÇΓöÇΓöÇΓöÇΓöÇΓöÇΓöÇΓöÇΓöÇΓöÇΓöÇΓöÇΓöÇΓöÇΓöÇΓöÇΓöÇΓöÇΓöÇΓöÇΓöÇΓöÇΓöÇΓöÇΓöÇΓöÇΓöÇΓöÇΓöÇΓöÇΓöÇΓöÇΓöÇΓöÇΓöÇΓöÇΓöÇΓöÇΓöÇΓöÇΓöÇΓöÇΓöÇΓöÇΓöÇΓöÇΓöÇΓöÇΓöÇΓöÇΓöÇΓöÇΓöÇΓöÇΓöÇΓöÇΓöÇΓöÇΓöÇΓöÇΓöÇΓöÇΓöÇΓöÇΓöÇΓöÇΓöÇΓöÇΓöÇΓöÇΓöÇΓöÇ  
   FAILED  Tests\Unit\SpdAuthorizationTest > admin can approve any spΓÇª  Error   
  Class "Database\Factories\BudgetFactory" not found

  at vendor\laravel\framework\src\Illuminate\Database\Eloquent\Factories\Factory.php:950
    946Γûò     public static function factoryForModel(string $modelName)
    947Γûò     {
    948Γûò         $factory = static::resolveFactoryName($modelName);
    949Γûò 
  Γ₧£ 950Γûò         return $factory::new();
    951Γûò     }
    952Γûò 
    953Γûò     /**
    954Γûò      * Specify the callback that should be invoked to guess factory names based on dynamic relationship names.

  1   vendor\laravel\framework\src\Illuminate\Database\Eloquent\Factories\Factory.php:950
  2   vendor\laravel\framework\src\Illuminate\Database\Eloquent\Factories\HasFactory.php:21


  Tests:    4 failed (0 assertions)
  Duration: 7.17s

